// 同步 ID: f49aa8d8 @ Mon Jul 20 22:26:25 UTC 2026
// 重构日志: b225fe10
// 重构日志: b2f98157
// 同步 ID: 0fa93072 @ Wed Jul 22 08:40:12 UTC 2026
// 重构日志: 216b67f7
// 重构日志: 1663cc43
// 重构日志: 6be1aa08
// 同步 ID: 5f443be7 @ Sat Jul 25 20:40:05 UTC 2026
// 同步 ID: 39d9f26b @ Sun Jul 26 12:54:20 UTC 2026
// 重构日志: 2efaca5e
// 重构日志: 3c603f32
// 重构日志: 63fe29ed
// 同步 ID: 182e4c4b @ Sun Aug  2 11:54:49 UTC 2026
// 重构日志: 2b8952f8
// 重构日志: 43e5ab8c
// 同步 ID: c5b4bd99 @ Tue Aug  4 08:06:20 UTC 2026
// 重构日志: e762ff97
// 重构日志: 31c7ff31
// 重构日志: a2ccd6cc
// 同步 ID: be135b7f @ Thu Aug  6 00:24:53 UTC 2026
// 同步 ID: aadebaf4 @ Thu Aug  6 10:30:01 UTC 2026
// 重构日志: e2b6a05e
// 重构日志: 402c211c
// 同步 ID: fc080bf8 @ Fri Aug  7 14:23:47 UTC 2026
// 重构日志: 7d1c8727
// 重构日志: 1b59c001
// 同步 ID: 8b32445d @ Fri Aug  7 17:39:51 UTC 2026
// 同步 ID: 2998de68 @ Sat Aug  8 02:47:32 UTC 2026
// 重构日志: dad4c2db
// 同步 ID: 01d1b8b2 @ Sat Aug  8 07:30:55 UTC 2026
